This is a test message.
This is a test message with source.
This is a test message with line number.
This is a test message with source and line number.
